What iâ€™ll do:

1. Confirm APT is installed in Bash
2. Install Suricata with APT
3. Uninstall Suricata with APT
4. Install tcpdump with APT
5. List the installed applications
6. Reinstall Suricata with APT


1: Confirm APT is installed in Bash

analyst@a989277a4829:~$ apt
apt 1.8.2.3 (amd64)
Usage: apt [options] command

apt is a commandline package manager and provides commands for
searching and managing as well as querying information about packages.
It provides the same functionality as the specialized APT tools,
like apt-get and apt-cache, but enables options more suitable for
interactive use by default.

Most used commands:
  list - list packages based on package names
  search - search in package descriptions
  show - show package details
  install - install packages
  reinstall - reinstall packages
  remove - remove packages
  autoremove - Remove automatically all unused packages
  update - update list of available packages
  upgrade - upgrade the system by installing/upgrading packages
  full-upgrade - upgrade the system by removing/installing/upgrading packages
  edit-sources - edit the source information file

See apt(8) for more information about the available commands.
Configuration options and syntax is detailed in apt.conf(5).
Information about how to configure sources can be found in sources.list(5).
Package and version choices can be expressed via apt_preferences(5).
Security details are available in apt-secure(8).
                                        This APT has Super Cow Powers.
analyst@a989277a4829:~$ 


2:Install Suricata with APT

analyst@a989277a4829:~$ sudo apt install suricata
Reading package lists... Done
Building dependency tree       
Reading state information... Done
suricata is already the newest version (1:4.1.2-2+deb10u1).
0 upgraded, 0 newly installed, 0 to remove and 25 not upgraded.

3:Uninstall Suricata with APT

analyst@a989277a4829:~$ sudo apt remove suricata
Reading package lists... Done
Building dependency tree       
Reading state information... Done
The following packages were automatically installed and are no longer required:
  geoip-database libauthen-sasl-perl libdata-dump-perl libencode-locale-perl libevent-2.1-6 libevent-core-2.1-6 libevent-pthreads-2.1-6 libfile-listing-perl libfont-afm-perl
  libgeoip1 libhiredis0.14 libhtml-form-perl libhtml-format-perl libhtml-parser-perl libhtml-tagset-perl libhtml-tree-perl libhtp2 libhttp-cookies-perl libhttp-daemon-perl
  libhttp-date-perl libhttp-message-perl libhttp-negotiate-perl libhyperscan5 libio-html-perl libio-socket-ssl-perl libjansson4 libltdl7 libluajit-5.1-2 libluajit-5.1-common
  liblwp-mediatypes-perl liblwp-protocol-https-perl libmailtools-perl libnet-http-perl libnet-smtp-ssl-perl libnet-ssleay-perl libnet1 libnetfilter-log1 libnetfilter-queue1
  libnfnetlink0 libnspr4 libnss3 libpcap0.8 libprelude23 libpython-stdlib libpython2-stdlib libpython2.7-minimal libpython2.7-stdlib libtimedate-perl libtry-tiny-perl
  liburi-perl libwww-perl libwww-robotrules-perl libyaml-0-2 oinkmaster perl-openssl-defaults prelude-utils python python-minimal python-simplejson python2 python2-minimal
  python2.7 python2.7-minimal snort-rules-default
Use 'sudo apt autoremove' to remove them.
The following packages will be REMOVED:
  suricata suricata-oinkmaster
0 upgraded, 0 newly installed, 2 to remove and 25 not upgraded.
After this operation, 5298 kB disk space will be freed.
Do you want to continue? [Y/n] y
(Reading database ... 24795 files and directories currently installed.)
Removing suricata-oinkmaster (1:4.1.2-2+deb10u1) ...
Removing suricata (1:4.1.2-2+deb10u1) ...
invoke-rc.d: could not determine current runlevel
invoke-rc.d: policy-rc.d denied execution of stop.
Processing triggers for man-db (2.8.5-2) ...

4. Install tcpdump with APT

analyst@a989277a4829:~$ sudo apt install tcpdump
Reading package lists... Done
Building dependency tree       
Reading state information... Done
The following packages were automatically installed and are no longer required:
  geoip-database libauthen-sasl-perl libdata-dump-perl libencode-locale-perl libevent-2.1-6 libevent-core-2.1-6 libevent-pthreads-2.1-6 libfile-listing-perl libfont-afm-perl
  libgeoip1 libhiredis0.14 libhtml-form-perl libhtml-format-perl libhtml-parser-perl libhtml-tagset-perl libhtml-tree-perl libhtp2 libhttp-cookies-perl libhttp-daemon-perl
  libhttp-date-perl libhttp-message-perl libhttp-negotiate-perl libhyperscan5 libio-html-perl libio-socket-ssl-perl libjansson4 libltdl7 libluajit-5.1-2 libluajit-5.1-common
  liblwp-mediatypes-perl liblwp-protocol-https-perl libmailtools-perl libnet-http-perl libnet-smtp-ssl-perl libnet-ssleay-perl libnet1 libnetfilter-log1 libnetfilter-queue1
  libnfnetlink0 libnspr4 libnss3 libprelude23 libpython-stdlib libpython2-stdlib libpython2.7-minimal libpython2.7-stdlib libtimedate-perl libtry-tiny-perl liburi-perl
  libwww-perl libwww-robotrules-perl libyaml-0-2 oinkmaster perl-openssl-defaults prelude-utils python python-minimal python-simplejson python2 python2-minimal python2.7
  python2.7-minimal snort-rules-default
Use 'sudo apt autoremove' to remove them.
Suggested packages:
  apparmor
The following NEW packages will be installed:
  tcpdump
0 upgraded, 1 newly installed, 0 to remove and 25 not upgraded.
Need to get 400 kB of archives.
After this operation, 1136 kB of additional disk space will be used.
Get:1 http://deb.debian.org/debian buster/main amd64 tcpdump amd64 4.9.3-1~deb10u2 [400 kB]
Fetched 400 kB in 0s (6637 kB/s)
debconf: delaying package configuration, since apt-utils is not installed
Selecting previously unselected package tcpdump.
(Reading database ... 24760 files and directories currently installed.)
Preparing to unpack .../tcpdump_4.9.3-1~deb10u2_amd64.deb ...
Unpacking tcpdump (4.9.3-1~deb10u2) ...
Setting up tcpdump (4.9.3-1~deb10u2) ...
Processing triggers for man-db (2.8.5-2) ...

5. List the installed applications

analyst@a989277a4829:~$ apt list --installed

6. Reinstall the Suricata application

analyst@a989277a4829:~$ sudo apt install suricata
Reading package lists... Done
Building dependency tree       
Reading state information... Done
The following additional packages will be installed:
  suricata-oinkmaster
Suggested packages:
  libtcmalloc-minimal4
The following NEW packages will be installed:
  suricata suricata-oinkmaster
0 upgraded, 2 newly installed, 0 to remove and 25 not upgraded.
Need to get 1698 kB of archives.
After this operation, 5298 kB of additional disk space will be used.
Do you want to continue? [Y/n] y
